// Jest Snapshot v1, https://goo.gl/fbAQLP

exports[`should render text provided in config 1`] = `
<ActionableNotification
  className="Notification"
  onClick={[Function]}
  onClose={[Function]}
  title="Sample"
/>
`;
