// Jest Snapshot v1, https://goo.gl/fbAQLP

exports[`should show a preview of the process part 1`] = `
<ActionItem
  onClick={[Function]}
  onEdit={[Function]}
>
  <ForwardRef(Tag)
    size="sm"
    type="blue"
  >
    Process instance part
  </ForwardRef(Tag)>
  <div>
    <b>
      Start Node
    </b>
    <span>
       
      and
       
    </span>
    <b>
      b
    </b>
  </div>
</ActionItem>
`;
